Microchip MPLAB XC8 Compiler V1.21 ()

Linker command line:

--edf=C:\Program Files (x86)\Microchip\xc8\v1.21\dat\en_msgs.txt -cs \
  -h+dist/default/production\TK-X03.production.sym \
  --cmf=dist/default/production\TK-X03.production.cmf -z -Q18F46K22 \
  -oC:\Users\BLAKEB~1\AppData\Local\Temp\sbjc.6 \
  -Mdist/default/production/TK-X03.production.map -E1 -ver=XC8 \
  -ACODE=00h-0FFFFh -ACONST=00h-0FFFFh -ASMALLCONST=01000h-010FFhx240 \
  -AMEDIUMCONST=01000h-0FFFFh -ACOMRAM=01h-05Fh -AABS1=00h-0F37h \
  -ABIGRAM=01h-0F37h -ARAM=060h-0FFh,0100h-01FFhx14,0F00h-0F37h \
  -ABANK0=060h-0FFh -ABANK1=0100h-01FFh -ABANK2=0200h-02FFh \
  -ABANK3=0300h-03FFh -ABANK4=0400h-04FFh -ABANK5=0500h-05FFh \
  -ABANK6=0600h-06FFh -ABANK7=0700h-07FFh -ABANK8=0800h-08FFh \
  -ABANK9=0900h-09FFh -ABANK10=0A00h-0AFFh -ABANK11=0B00h-0BFFh \
  -ABANK12=0C00h-0CFFh -ABANK13=0D00h-0DFFh -ABANK14=0E00h-0EFFh \
  -ABANK15=0F00h-0F37h -ASFR=0F38h-0F5Fh,0F60h-0FFFh \
  -preset_vec=00h,intcode,intcodelo,powerup,init,end_init -pramtop=01000h \
  -psmallconst=SMALLCONST -pmediumconst=MEDIUMCONST -pconst=CONST \
  -AFARRAM=00h-00h -ACONFIG=0300000h-030000Dh -pconfig=CONFIG \
  -AIDLOC=0200000h-0200007h -pidloc=IDLOC -AEEDATA=0F00000h-0F003FFh \
  -peeprom_data=EEDATA \
  -prdata=COMRAM,nvrram=COMRAM,nvbit=COMRAM,rbss=COMRAM,rbit=COMRAM \
  -pfarbss=FARRAM,fardata=FARRAM,nvFARRAM=FARRAM \
  -pintsave_regs=BIGRAM,bigbss=BIGRAM,bigdata=BIGRAM -pbss=RAM \
  -pidata=CODE,irdata=CODE,ibigdata=CODE,ifardata=CODE \
  C:\Users\BLAKEB~1\AppData\Local\Temp\sbjc.obj \
  dist/default/production\TK-X03.production.obj 

Object code version is 3.11

Machine type is 18F46K22

Call graph: (short form)




                Name                               Link     Load   Length Selector   Space Scale
C:\Users\BLAKEB~1\AppData\Local\Temp\sbjc.obj
                end_init                              0        0        4        0       0
                idloc                            200000   200000        8   200000       0
                config                           300000   300000        E   300000       0
dist/default/production\TK-X03.production.obj
                text12                             F2A6     F2A6       1C     7953       0
                text11                             F2EC     F2EC       30     7976       0
                text10                             F252     F252       12     7929       0
                text9                              F31C     F31C       38     798E       0
                text8                              F532     F532      16A     7A99       0
                text7                              F276     F276       18     793B       0
                text6                              F28E     F28E       18     7947       0
                text5                              F264     F264       12     7932       0
                text4                              F69C     F69C      31A     7B4E       0
                text3                              F354     F354       8A     79AA       0
                text2                              F3DE     F3DE       A0     79EF       0
                text1                              F9B6     F9B6      64A     7CDB       0
                cstackCOMRAM                          1        1       14        1       1
                bssBIGRAM                           738      738      800      738       1
                bssCOMRAM                            15       15       13        1       1
                cinit                              F2C2     F2C2       2A     7961       0
                text0                              F47E     F47E       B4     7A3F       0

TOTAL           Name                               Link     Load   Length     Space
        CLASS   CODE           
                end_init                              0        0        4         0
                text12                             F2A6     F2A6       1C         0
                text11                             F2EC     F2EC       30         0
                text10                             F252     F252       12         0
                text9                              F31C     F31C       38         0
                text8                              F532     F532      16A         0
                text7                              F276     F276       18         0
                text6                              F28E     F28E       18         0
                text5                              F264     F264       12         0
                text4                              F69C     F69C      31A         0
                text3                              F354     F354       8A         0
                text2                              F3DE     F3DE       A0         0
                text1                              F9B6     F9B6      64A         0
                cinit                              F2C2     F2C2       2A         0
                text0                              F47E     F47E       B4         0

        CLASS   CONST          

        CLASS   SMALLCONST     

        CLASS   MEDIUMCONST    

        CLASS   COMRAM         
                cstackCOMRAM                          1        1       14         1
                bssCOMRAM                            15       15       13         1

        CLASS   ABS1           

        CLASS   BIGRAM         
                bssBIGRAM                           738      738      800         1

        CLASS   RAM            

        CLASS   BANK0          

        CLASS   BANK1          

        CLASS   BANK2          

        CLASS   BANK3          

        CLASS   BANK4          

        CLASS   BANK5          

        CLASS   BANK6          

        CLASS   BANK7          

        CLASS   BANK8          

        CLASS   BANK9          

        CLASS   BANK10         

        CLASS   BANK11         

        CLASS   BANK12         

        CLASS   BANK13         

        CLASS   BANK14         

        CLASS   BANK15         

        CLASS   SFR            

        CLASS   FARRAM         

        CLASS   CONFIG         
                config                           300000   300000        E         0

        CLASS   IDLOC          
                idloc                            200000   200000        8         0

        CLASS   EEDATA         



SEGMENTS        Name                           Load    Length   Top    Selector   Space  Class

                reset_vec                      000000  000004  000004         0       0  CODE    
                cstackCOMRAM                   000001  000027  000028         1       1  COMRAM  
                bssBIGRAM                      000738  000800  000F38       738       1  BIGRAM  
                text10                         00F252  000012  00F264      7929       0  CODE    
                text5                          00F264  000012  00F276      7932       0  CODE    
                text7                          00F276  000018  00F28E      793B       0  CODE    
                text6                          00F28E  000018  00F2A6      7947       0  CODE    
                text12                         00F2A6  00001C  00F2C2      7953       0  CODE    
                cinit                          00F2C2  00002A  00F2EC      7961       0  CODE    
                text11                         00F2EC  000030  00F31C      7976       0  CODE    
                text9                          00F31C  000038  00F354      798E       0  CODE    
                text3                          00F354  00008A  00F3DE      79AA       0  CODE    
                text2                          00F3DE  0000A0  00F47E      79EF       0  CODE    
                text0                          00F47E  0000B4  00F532      7A3F       0  CODE    
                text8                          00F532  00016A  00F69C      7A99       0  CODE    
                text4                          00F69C  00031A  00F9B6      7B4E       0  CODE    
                text1                          00F9B6  00064A  010000      7CDB       0  CODE    
                idloc                          200000  000008  200008    200000       0  IDLOC   
                config                         300000  00000E  30000E    300000       0  CONFIG  


UNUSED ADDRESS RANGES

        Name                Unused          Largest block    Delta
        BANK0            000060-0000FF               A0
        BANK1            000100-0001FF              100
        BANK2            000200-0002FF              100
        BANK3            000300-0003FF              100
        BANK4            000400-0004FF              100
        BANK5            000500-0005FF              100
        BANK6            000600-0006FF              100
        BANK7            000700-000737               38
        BIGRAM           000028-000737              710
        CODE             000004-00F251             F24E
        COMRAM           000028-00005F               38
        CONST            000004-00F251             F24E
        EEDATA           F00000-F003FF              400
        MEDIUMCONST      001000-00F251             E252
        RAM              000060-000737              100
        SFR              000F38-000FFF               28
        SMALLCONST       001000-00F251              100

                                  Symbol Table

?_decode_immData                cstackCOMRAM 000001
?_dispSeg                       cstackCOMRAM 000001
?_enableSerial                  cstackCOMRAM 000001
?_getPortData                   cstackCOMRAM 000001
?_immData_toPointer             cstackCOMRAM 000001
?_pointerTo_regMX               cstackCOMRAM 000001
?_processOpcode                 cstackCOMRAM 00000A
?_setPortData                   cstackCOMRAM 000005
_ANSELD                         (abs)        000F3B
_BAUDCON2bits                   (abs)        000F70
_LATA                           (abs)        000F89
_LATAbits                       (abs)        000F89
_LATC                           (abs)        000F8B
_LATCbits                       (abs)        000F8B
_LATD                           (abs)        000F8C
_LATDbits                       (abs)        000F8C
_LATE                           (abs)        000F8D
_LATEbits                       (abs)        000F8D
_OSCCON2bits                    (abs)        000FD2
_OSCCONbits                     (abs)        000FD3
_RCREG2                         (abs)        000F74
_RCSTA2bits                     (abs)        000F71
_SPBRG2                         (abs)        000F75
_SPBRGH2                        (abs)        000F76
_TRISA                          (abs)        000F92
_TRISC                          (abs)        000F94
_TRISDbits                      (abs)        000F95
_TRISE                          (abs)        000F96
_TXREG2                         (abs)        000F73
_TXSTA2bits                     (abs)        000F72
__CFG_BOREN$OFF                 (abs)        000000
__CFG_BORV$190                  (abs)        000000
__CFG_CCP2MX$PORTC1             (abs)        000000
__CFG_CCP3MX$PORTB5             (abs)        000000
__CFG_CP0$OFF                   (abs)        000000
__CFG_CP1$OFF                   (abs)        000000
__CFG_CP2$OFF                   (abs)        000000
__CFG_CP3$OFF                   (abs)        000000
__CFG_CPB$OFF                   (abs)        000000
__CFG_CPD$OFF                   (abs)        000000
__CFG_EBTR0$OFF                 (abs)        000000
__CFG_EBTR1$OFF                 (abs)        000000
__CFG_EBTR2$OFF                 (abs)        000000
__CFG_EBTR3$OFF                 (abs)        000000
__CFG_EBTRB$OFF                 (abs)        000000
__CFG_FCMEN$OFF                 (abs)        000000
__CFG_FOSC$INTIO67              (abs)        000000
__CFG_HFOFST$ON                 (abs)        000000
__CFG_IESO$OFF                  (abs)        000000
__CFG_LVP$OFF                   (abs)        000000
__CFG_MCLRE$EXTMCLR             (abs)        000000
__CFG_P2BMX$PORTD2              (abs)        000000
__CFG_PBADEN$OFF                (abs)        000000
__CFG_PLLCFG$OFF                (abs)        000000
__CFG_PRICLKEN$OFF              (abs)        000000
__CFG_PWRTEN$OFF                (abs)        000000
__CFG_STVREN$ON                 (abs)        000000
__CFG_T3CMX$PORTC0              (abs)        000000
__CFG_WDTEN$OFF                 (abs)        000000
__CFG_WDTPS$32768               (abs)        000000
__CFG_WRT0$OFF                  (abs)        000000
__CFG_WRT1$OFF                  (abs)        000000
__CFG_WRT2$OFF                  (abs)        000000
__CFG_WRT3$OFF                  (abs)        000000
__CFG_WRTB$OFF                  (abs)        000000
__CFG_WRTC$OFF                  (abs)        000000
__CFG_WRTD$OFF                  (abs)        000000
__CFG_XINST$OFF                 (abs)        000000
__HRAM                          (abs)        000000
__Habs1                         abs1         000000
__Hbank0                        bank0        000000
__Hbank1                        bank1        000000
__Hbank10                       bank10       000000
__Hbank11                       bank11       000000
__Hbank12                       bank12       000000
__Hbank13                       bank13       000000
__Hbank14                       bank14       000000
__Hbank15                       bank15       000000
__Hbank2                        bank2        000000
__Hbank3                        bank3        000000
__Hbank4                        bank4        000000
__Hbank5                        bank5        000000
__Hbank6                        bank6        000000
__Hbank7                        bank7        000000
__Hbank8                        bank8        000000
__Hbank9                        bank9        000000
__Hbigbss                       bigbss       000000
__Hbigdata                      bigdata      000000
__Hbigram                       bigram       000000
__Hbss                          bss          000000
__HbssBIGRAM                    bssBIGRAM    000000
__HbssCOMRAM                    bssCOMRAM    000000
__Hcinit                        cinit        000000
__Hclrtext                      clrtext      000000
__Hcomram                       comram       000000
__Hconfig                       config       30000E
__Hconst                        const        000000
__HcstackCOMRAM                 cstackCOMRAM 000000
__Hdata                         data         000000
__Heeprom_data                  eeprom_data  000000
__Hend_init                     end_init     000004
__Hfarbss                       farbss       000000
__Hfardata                      fardata      000000
__Hibigdata                     ibigdata     000000
__Hidata                        idata        000000
__Hidloc                        idloc        200008
__Hifardata                     ifardata     000000
__Hinit                         init         000000
__Hintcode                      intcode      000000
__Hintcode_body                 intcode_body 000000
__Hintcodelo                    intcodelo    000000
__Hintentry                     intentry     000000
__Hintret                       intret       000000
__Hintsave_regs                 intsave_regs 000000
__Hirdata                       irdata       000000
__Hmediumconst                  mediumconst  000000
__HnvFARRAM                     nvFARRAM     000000
__Hnvbit                        nvbit        000000
__Hnvrram                       nvrram       000000
__Hparam                        rparam       000000
__Hpowerup                      powerup      000000
__Hram                          ram          000000
__Hramtop                       ramtop       001000
__Hrbit                         rbit         000000
__Hrbss                         rbss         000000
__Hrdata                        rdata        000000
__Hreset_vec                    reset_vec    000000
__Hrparam                       rparam       000000
__Hsfr                          sfr          000000
__Hsmallconst                   smallconst   000000
__Hstruct                       struct       000000
__Htemp                         temp         000000
__Htext                         text         000000
__Htext0                        text0        000000
__Htext1                        text1        000000
__Htext10                       text10       000000
__Htext11                       text11       000000
__Htext12                       text12       000000
__Htext2                        text2        000000
__Htext3                        text3        000000
__Htext4                        text4        000000
__Htext5                        text5        000000
__Htext6                        text6        000000
__Htext7                        text7        000000
__Htext8                        text8        000000
__Htext9                        text9        000000
__LRAM                          (abs)        000001
__Labs1                         abs1         000000
__Lbank0                        bank0        000000
__Lbank1                        bank1        000000
__Lbank10                       bank10       000000
__Lbank11                       bank11       000000
__Lbank12                       bank12       000000
__Lbank13                       bank13       000000
__Lbank14                       bank14       000000
__Lbank15                       bank15       000000
__Lbank2                        bank2        000000
__Lbank3                        bank3        000000
__Lbank4                        bank4        000000
__Lbank5                        bank5        000000
__Lbank6                        bank6        000000
__Lbank7                        bank7        000000
__Lbank8                        bank8        000000
__Lbank9                        bank9        000000
__Lbigbss                       bigbss       000000
__Lbigdata                      bigdata      000000
__Lbigram                       bigram       000000
__Lbss                          bss          000000
__LbssBIGRAM                    bssBIGRAM    000000
__LbssCOMRAM                    bssCOMRAM    000000
__Lcinit                        cinit        000000
__Lclrtext                      clrtext      000000
__Lcomram                       comram       000000
__Lconfig                       config       300000
__Lconst                        const        000000
__LcstackCOMRAM                 cstackCOMRAM 000000
__Ldata                         data         000000
__Leeprom_data                  eeprom_data  000000
__Lend_init                     end_init     000000
__Lfarbss                       farbss       000000
__Lfardata                      fardata      000000
__Libigdata                     ibigdata     000000
__Lidata                        idata        000000
__Lidloc                        idloc        200000
__Lifardata                     ifardata     000000
__Linit                         init         000000
__Lintcode                      intcode      000000
__Lintcode_body                 intcode_body 000000
__Lintcodelo                    intcodelo    000000
__Lintentry                     intentry     000000
__Lintret                       intret       000000
__Lintsave_regs                 intsave_regs 000000
__Lirdata                       irdata       000000
__Lmediumconst                  mediumconst  000000
__LnvFARRAM                     nvFARRAM     000000
__Lnvbit                        nvbit        000000
__Lnvrram                       nvrram       000000
__Lparam                        rparam       000000
__Lpowerup                      powerup      000000
__Lram                          ram          000000
__Lramtop                       ramtop       001000
__Lrbit                         rbit         000000
__Lrbss                         rbss         000000
__Lrdata                        rdata        000000
__Lreset_vec                    reset_vec    000000
__Lrparam                       rparam       000000
__Lsfr                          sfr          000000
__Lsmallconst                   smallconst   000000
__Lstruct                       struct       000000
__Ltemp                         temp         000000
__Ltext                         text         000000
__Ltext0                        text0        000000
__Ltext1                        text1        000000
__Ltext10                       text10       000000
__Ltext11                       text11       000000
__Ltext12                       text12       000000
__Ltext2                        text2        000000
__Ltext3                        text3        000000
__Ltext4                        text4        000000
__Ltext5                        text5        000000
__Ltext6                        text6        000000
__Ltext7                        text7        000000
__Ltext8                        text8        000000
__Ltext9                        text9        000000
__S0                            (abs)        30000E
__S1                            (abs)        000F38
__accesstop                     (abs)        000060
__activetblptr                  (abs)        000002
__end_of__initialization        cinit        00F2E2
__end_of_decode_immData         text8        00F69C
__end_of_dispSeg                text4        00F9B6
__end_of_enableSerial           text3        00F3DE
__end_of_getPortData            text5        00F276
__end_of_immData_toPointer      text6        00F2A6
__end_of_initOscillator         text12       00F2C2
__end_of_initPorts              text11       00F31C
__end_of_initializeRegisters    text9        00F354
__end_of_main                   text0        00F532
__end_of_pointerTo_regMX        text10       00F264
__end_of_processOpcode          text1        010000
__end_of_regMX_toPointer        text7        00F28E
__end_of_setPortData            text2        00F47E
__initialization                cinit        00F2C2
__mediumconst                   mediumconst  000000
__pbssBIGRAM                    bssBIGRAM    000738
__pbssCOMRAM                    bssCOMRAM    000015
__pcinit                        cinit        00F2C2
__pcstackCOMRAM                 cstackCOMRAM 000001
__ptext0                        text0        00F47E
__ptext1                        text1        00F9B6
__ptext10                       text10       00F252
__ptext11                       text11       00F2EC
__ptext12                       text12       00F2A6
__ptext2                        text2        00F3DE
__ptext3                        text3        00F354
__ptext4                        text4        00F69C
__ptext5                        text5        00F264
__ptext6                        text6        00F28E
__ptext7                        text7        00F276
__ptext8                        text8        00F532
__ptext9                        text9        00F31C
__ramtop                        ramtop       001000
__size_of_decode_immData        (abs)        000000
__size_of_dispSeg               (abs)        000000
__size_of_enableSerial          (abs)        000000
__size_of_getPortData           (abs)        000000
__size_of_immData_toPointer     (abs)        000000
__size_of_initOscillator        (abs)        000000
__size_of_initPorts             (abs)        000000
__size_of_initializeRegisters   (abs)        000000
__size_of_main                  (abs)        000000
__size_of_pointerTo_regMX       (abs)        000000
__size_of_processOpcode         (abs)        000000
__size_of_regMX_toPointer       (abs)        000000
__size_of_setPortData           (abs)        000000
__smallconst                    smallconst   000000
_decode_immData                 text8        00F532
_dispSeg                        text4        00F69C
_enableSerial                   text3        00F354
_getPortData                    text5        00F264
_immData                        bssCOMRAM    000019
_immData_16                     bssCOMRAM    00001B
_immData_toPointer              text6        00F28E
_initOscillator                 text12       00F2A6
_initPorts                      text11       00F2EC
_initializeRegisters            text9        00F31C
_main                           text0        00F47E
_memoryMap                      bssBIGRAM    000738
_pointerTo_regMX                text10       00F252
_processOpcode                  text1        00F9B6
_regA                           bssCOMRAM    000023
_regB                           bssCOMRAM    000024
_regF                           bssCOMRAM    000025
_regFbits                       bssCOMRAM    000026
_regMX                          bssCOMRAM    00001D
_regMX_toPointer                text7        00F276
_regMXbits                      bssCOMRAM    00001F
_regPC                          bssCOMRAM    000021
_regSP                          bssCOMRAM    000027
_setPortData                    text2        00F3DE
decode_immData@immData          cstackCOMRAM 000001
dispSeg@letter                  cstackCOMRAM 000002
dispSeg@segment                 cstackCOMRAM 000001
enableSerial@baudRate           cstackCOMRAM 000001
end_of_initialization           cinit        00F2E2
getPortData@portNumber          cstackCOMRAM 000001
immData_toPointer@immData       cstackCOMRAM 000001
immData_toPointer@pointer       cstackCOMRAM 000003
intlevel0                       text         000000
intlevel1                       text         000000
intlevel2                       text         000000
intlevel3                       text         000000
pointerTo_regMX@pointer         cstackCOMRAM 000001
pointerTo_regMX@pointer_lowByte cstackCOMRAM 000003
processOpcode@carriedBit        cstackCOMRAM 00000F
processOpcode@immData           cstackCOMRAM 00000B
processOpcode@opcode            cstackCOMRAM 00000A
processOpcode@regA_temp16       cstackCOMRAM 000011
processOpcode@regA_temp8        cstackCOMRAM 000010
regMX_toPointer@pointer         cstackCOMRAM 000001
setPortData@outputData          cstackCOMRAM 000006
setPortData@outputData_temp16   cstackCOMRAM 000008
setPortData@portNumber          cstackCOMRAM 000005
start                           init         000000
start_initialization            cinit        00F2C2
wait_ms@timel                   bssCOMRAM    000015


FUNCTION INFORMATION:

 *************** function _main *****************
 Defined at:
		line 18 in file "source/main.c"
 Parameters:    Size  Location     Type
		None
 Auto vars:     Size  Location     Type
		None
 Return value:  Size  Location     Type
		None               void
 Registers used:
		wreg, fsr2l, fsr2h, status,2, status,0, prodl, prodh, cstack
 Tracked objects:
		On entry : 
		On exit  : 
		Unchanged: 
 Data sizes:     COMRAM   BANK0   BANK1   BANK2   BANK3   BANK4   BANK5   BANK6   BANK7   BANK8   BANK9  BANK10  BANK11  BANK12  BANK13  BANK14  BANK15
      Params:         0       0       0       0       0       0       0       0       0       0       0       0       0       0       0       0       0
      Locals:         0       0       0       0       0       0       0       0       0       0       0       0       0       0       0       0       0
      Temps:          2       0       0       0       0       0       0       0       0       0       0       0       0       0       0       0       0
      Totals:         2       0       0       0       0       0       0       0       0       0       0       0       0       0       0       0       0
Total ram usage:        2 bytes
 Hardware stack levels required when called:    3
 This function calls:
		_initOscillator
		_initPorts
		_dispSeg
		_initializeRegisters
		_decode_immData
		_processOpcode
 This function is called by:
		Startup code after reset
 This function uses a non-reentrant model


 *************** function _processOpcode *****************
 Defined at:
		line 119 in file "source/emulator.c"
 Parameters:    Size  Location     Type
  opcode          1    9[COMRAM] unsigned char 
  immData         2   10[COMRAM] struct immData_t
 Auto vars:     Size  Location     Type
  regA_temp16     2   16[COMRAM] unsigned int 
  regA_temp8      1   15[COMRAM] unsigned char 
  carriedBit      1   14[COMRAM] unsigned char 
 Return value:  Size  Location     Type
		None               void
 Registers used:
		wreg, fsr2l, fsr2h, status,2, status,0, prodl, prodh, cstack
 Tracked objects:
		On entry : 
		On exit  : 
		Unchanged: 
 Data sizes:     COMRAM   BANK0   BANK1   BANK2   BANK3   BANK4   BANK5   BANK6   BANK7   BANK8   BANK9  BANK10  BANK11  BANK12  BANK13  BANK14  BANK15
      Params:         3       0       0       0       0       0       0       0       0       0       0       0       0       0       0       0       0
      Locals:         4       0       0       0       0       0       0       0       0       0       0       0       0       0       0       0       0
      Temps:          2       0       0       0       0       0       0       0       0       0       0       0       0       0       0       0       0
      Totals:         9       0       0       0       0       0       0       0       0       0       0       0       0       0       0       0       0
Total ram usage:        9 bytes
 Hardware stack levels used:    1
 Hardware stack levels required when called:    2
 This function calls:
		_regMX_toPointer
		_immData_toPointer
		_getPortData
		_setPortData
 This function is called by:
		_main
 This function uses a non-reentrant model


 *************** function _setPortData *****************
 Defined at:
		line 71 in file "source/emulator.c"
 Parameters:    Size  Location     Type
  portNumber      1    4[COMRAM] unsigned char 
  outputData      1    5[COMRAM] unsigned char 
 Auto vars:     Size  Location     Type
  outputData_t    2    7[COMRAM] unsigned int 
 Return value:  Size  Location     Type
		None               void
 Registers used:
		wreg, status,2, status,0, cstack
 Tracked objects:
		On entry : 
		On exit  : 
		Unchanged: 
 Data sizes:     COMRAM   BANK0   BANK1   BANK2   BANK3   BANK4   BANK5   BANK6   BANK7   BANK8   BANK9  BANK10  BANK11  BANK12  BANK13  BANK14  BANK15
      Params:         2       0       0       0       0       0       0       0       0       0       0       0       0       0       0       0       0
      Locals:         2       0       0       0       0       0       0       0       0       0       0       0       0       0       0       0       0
      Temps:          1       0       0       0       0       0       0       0       0       0       0       0       0       0       0       0       0
      Totals:         5       0       0       0       0       0       0       0       0       0       0       0       0       0       0       0       0
Total ram usage:        5 bytes
 Hardware stack levels used:    1
 Hardware stack levels required when called:    1
 This function calls:
		_dispSeg
		_enableSerial
 This function is called by:
		_processOpcode
 This function uses a non-reentrant model


 *************** function _enableSerial *****************
 Defined at:
		line 22 in file "source/serial.c"
 Parameters:    Size  Location     Type
  baudRate        2    0[COMRAM] unsigned int 
 Auto vars:     Size  Location     Type
		None
 Return value:  Size  Location     Type
		None               void
 Registers used:
		wreg, status,2, status,0
 Tracked objects:
		On entry : 
		On exit  : 
		Unchanged: 
 Data sizes:     COMRAM   BANK0   BANK1   BANK2   BANK3   BANK4   BANK5   BANK6   BANK7   BANK8   BANK9  BANK10  BANK11  BANK12  BANK13  BANK14  BANK15
      Params:         2       0       0       0       0       0       0       0       0       0       0       0       0       0       0       0       0
      Locals:         0       0       0       0       0       0       0       0       0       0       0       0       0       0       0       0       0
      Temps:          2       0       0       0       0       0       0       0       0       0       0       0       0       0       0       0       0
      Totals:         4       0       0       0       0       0       0       0       0       0       0       0       0       0       0       0       0
Total ram usage:        4 bytes
 Hardware stack levels used:    1
 This function calls:
		Nothing
 This function is called by:
		_setPortData
 This function uses a non-reentrant model


 *************** function _dispSeg *****************
 Defined at:
		line 14 in file "source/segment.c"
 Parameters:    Size  Location     Type
  segment         1    0[COMRAM] unsigned char 
  letter          1    1[COMRAM] unsigned char 
 Auto vars:     Size  Location     Type
		None
 Return value:  Size  Location     Type
		None               void
 Registers used:
		wreg, status,2, status,0
 Tracked objects:
		On entry : 
		On exit  : 
		Unchanged: 
 Data sizes:     COMRAM   BANK0   BANK1   BANK2   BANK3   BANK4   BANK5   BANK6   BANK7   BANK8   BANK9  BANK10  BANK11  BANK12  BANK13  BANK14  BANK15
      Params:         2       0       0       0       0       0       0       0       0       0       0       0       0       0       0       0       0
      Locals:         0       0       0       0       0       0       0       0       0       0       0       0       0       0       0       0       0
      Temps:          0       0       0       0       0       0       0       0       0       0       0       0       0       0       0       0       0
      Totals:         2       0       0       0       0       0       0       0       0       0       0       0       0       0       0       0       0
Total ram usage:        2 bytes
 Hardware stack levels used:    1
 This function calls:
		Nothing
 This function is called by:
		_main
		_setPortData
		_cycleSegDisplays
 This function uses a non-reentrant model


 *************** function _getPortData *****************
 Defined at:
		line 55 in file "source/emulator.c"
 Parameters:    Size  Location     Type
  portNumber      1    0[COMRAM] unsigned char 
 Auto vars:     Size  Location     Type
		None
 Return value:  Size  Location     Type
                  1    wreg      unsigned char 
 Registers used:
		wreg, status,2, status,0
 Tracked objects:
		On entry : 
		On exit  : 
		Unchanged: 
 Data sizes:     COMRAM   BANK0   BANK1   BANK2   BANK3   BANK4   BANK5   BANK6   BANK7   BANK8   BANK9  BANK10  BANK11  BANK12  BANK13  BANK14  BANK15
      Params:         1       0       0       0       0       0       0       0       0       0       0       0       0       0       0       0       0
      Locals:         0       0       0       0       0       0       0       0       0       0       0       0       0       0       0       0       0
      Temps:          0       0       0       0       0       0       0       0       0       0       0       0       0       0       0       0       0
      Totals:         1       0       0       0       0       0       0       0       0       0       0       0       0       0       0       0       0
Total ram usage:        1 bytes
 Hardware stack levels used:    1
 This function calls:
		Nothing
 This function is called by:
		_processOpcode
 This function uses a non-reentrant model


 *************** function _immData_toPointer *****************
 Defined at:
		line 30 in file "source/emulator.c"
 Parameters:    Size  Location     Type
  immData         2    0[COMRAM] struct immData_t
 Auto vars:     Size  Location     Type
  pointer         2    2[COMRAM] unsigned int 
 Return value:  Size  Location     Type
                  2    0[COMRAM] unsigned int 
 Registers used:
		wreg, status,2, status,0
 Tracked objects:
		On entry : 
		On exit  : 
		Unchanged: 
 Data sizes:     COMRAM   BANK0   BANK1   BANK2   BANK3   BANK4   BANK5   BANK6   BANK7   BANK8   BANK9  BANK10  BANK11  BANK12  BANK13  BANK14  BANK15
      Params:         2       0       0       0       0       0       0       0       0       0       0       0       0       0       0       0       0
      Locals:         2       0       0       0       0       0       0       0       0       0       0       0       0       0       0       0       0
      Temps:          0       0       0       0       0       0       0       0       0       0       0       0       0       0       0       0       0
      Totals:         4       0       0       0       0       0       0       0       0       0       0       0       0       0       0       0       0
Total ram usage:        4 bytes
 Hardware stack levels used:    1
 This function calls:
		Nothing
 This function is called by:
		_processOpcode
 This function uses a non-reentrant model


 *************** function _regMX_toPointer *****************
 Defined at:
		line 11 in file "source/emulator.c"
 Parameters:    Size  Location     Type
		None
 Auto vars:     Size  Location     Type
  pointer         2    0[COMRAM] unsigned int 
 Return value:  Size  Location     Type
                  2  205[COMRAM] unsigned int 
 Registers used:
		wreg, status,2, status,0
 Tracked objects:
		On entry : 
		On exit  : 
		Unchanged: 
 Data sizes:     COMRAM   BANK0   BANK1   BANK2   BANK3   BANK4   BANK5   BANK6   BANK7   BANK8   BANK9  BANK10  BANK11  BANK12  BANK13  BANK14  BANK15
      Params:         0       0       0       0       0       0       0       0       0       0       0       0       0       0       0       0       0
      Locals:         2       0       0       0       0       0       0       0       0       0       0       0       0       0       0       0       0
      Temps:          0       0       0       0       0       0       0       0       0       0       0       0       0       0       0       0       0
      Totals:         2       0       0       0       0       0       0       0       0       0       0       0       0       0       0       0       0
Total ram usage:        2 bytes
 Hardware stack levels used:    1
 This function calls:
		Nothing
 This function is called by:
		_processOpcode
 This function uses a non-reentrant model


 *************** function _decode_immData *****************
 Defined at:
		line 99 in file "source/emulator.c"
 Parameters:    Size  Location     Type
  immData         2    0[COMRAM] struct immData_t
 Auto vars:     Size  Location     Type
		None
 Return value:  Size  Location     Type
		None               void
 Registers used:
		wreg, fsr2l, fsr2h, status,2, status,0
 Tracked objects:
		On entry : 
		On exit  : 
		Unchanged: 
 Data sizes:     COMRAM   BANK0   BANK1   BANK2   BANK3   BANK4   BANK5   BANK6   BANK7   BANK8   BANK9  BANK10  BANK11  BANK12  BANK13  BANK14  BANK15
      Params:         2       0       0       0       0       0       0       0       0       0       0       0       0       0       0       0       0
      Locals:         0       0       0       0       0       0       0       0       0       0       0       0       0       0       0       0       0
      Temps:          2       0       0       0       0       0       0       0       0       0       0       0       0       0       0       0       0
      Totals:         4       0       0       0       0       0       0       0       0       0       0       0       0       0       0       0       0
Total ram usage:        4 bytes
 Hardware stack levels used:    1
 This function calls:
		Nothing
 This function is called by:
		_main
 This function uses a non-reentrant model


 *************** function _initializeRegisters *****************
 Defined at:
		line 39 in file "source/emulator.c"
 Parameters:    Size  Location     Type
		None
 Auto vars:     Size  Location     Type
		None
 Return value:  Size  Location     Type
		None               void
 Registers used:
		wreg, status,2, cstack
 Tracked objects:
		On entry : 
		On exit  : 
		Unchanged: 
 Data sizes:     COMRAM   BANK0   BANK1   BANK2   BANK3   BANK4   BANK5   BANK6   BANK7   BANK8   BANK9  BANK10  BANK11  BANK12  BANK13  BANK14  BANK15
      Params:         0       0       0       0       0       0       0       0       0       0       0       0       0       0       0       0       0
      Locals:         0       0       0       0       0       0       0       0       0       0       0       0       0       0       0       0       0
      Temps:          1       0       0       0       0       0       0       0       0       0       0       0       0       0       0       0       0
      Totals:         1       0       0       0       0       0       0       0       0       0       0       0       0       0       0       0       0
Total ram usage:        1 bytes
 Hardware stack levels used:    1
 Hardware stack levels required when called:    1
 This function calls:
		_pointerTo_regMX
 This function is called by:
		_main
 This function uses a non-reentrant model


 *************** function _pointerTo_regMX *****************
 Defined at:
		line 21 in file "source/emulator.c"
 Parameters:    Size  Location     Type
  pointer         2    0[COMRAM] unsigned int 
 Auto vars:     Size  Location     Type
  pointer_lowB    2    2[COMRAM] unsigned int 
 Return value:  Size  Location     Type
		None               void
 Registers used:
		None
 Tracked objects:
		On entry : 
		On exit  : 
		Unchanged: 
 Data sizes:     COMRAM   BANK0   BANK1   BANK2   BANK3   BANK4   BANK5   BANK6   BANK7   BANK8   BANK9  BANK10  BANK11  BANK12  BANK13  BANK14  BANK15
      Params:         2       0       0       0       0       0       0       0       0       0       0       0       0       0       0       0       0
      Locals:         2       0       0       0       0       0       0       0       0       0       0       0       0       0       0       0       0
      Temps:          0       0       0       0       0       0       0       0       0       0       0       0       0       0       0       0       0
      Totals:         4       0       0       0       0       0       0       0       0       0       0       0       0       0       0       0       0
Total ram usage:        4 bytes
 Hardware stack levels used:    1
 This function calls:
		Nothing
 This function is called by:
		_initializeRegisters
 This function uses a non-reentrant model


 *************** function _initPorts *****************
 Defined at:
		line 27 in file "source/system.c"
 Parameters:    Size  Location     Type
		None
 Auto vars:     Size  Location     Type
		None
 Return value:  Size  Location     Type
		None               void
 Registers used:
		wreg, status,2
 Tracked objects:
		On entry : 
		On exit  : 
		Unchanged: 
 Data sizes:     COMRAM   BANK0   BANK1   BANK2   BANK3   BANK4   BANK5   BANK6   BANK7   BANK8   BANK9  BANK10  BANK11  BANK12  BANK13  BANK14  BANK15
      Params:         0       0       0       0       0       0       0       0       0       0       0       0       0       0       0       0       0
      Locals:         0       0       0       0       0       0       0       0       0       0       0       0       0       0       0       0       0
      Temps:          0       0       0       0       0       0       0       0       0       0       0       0       0       0       0       0       0
      Totals:         0       0       0       0       0       0       0       0       0       0       0       0       0       0       0       0       0
Total ram usage:        0 bytes
 Hardware stack levels used:    1
 This function calls:
		Nothing
 This function is called by:
		_main
 This function uses a non-reentrant model


 *************** function _initOscillator *****************
 Defined at:
		line 10 in file "source/system.c"
 Parameters:    Size  Location     Type
		None
 Auto vars:     Size  Location     Type
		None
 Return value:  Size  Location     Type
		None               void
 Registers used:
		wreg, status,2
 Tracked objects:
		On entry : 
		On exit  : 
		Unchanged: 
 Data sizes:     COMRAM   BANK0   BANK1   BANK2   BANK3   BANK4   BANK5   BANK6   BANK7   BANK8   BANK9  BANK10  BANK11  BANK12  BANK13  BANK14  BANK15
      Params:         0       0       0       0       0       0       0       0       0       0       0       0       0       0       0       0       0
      Locals:         0       0       0       0       0       0       0       0       0       0       0       0       0       0       0       0       0
      Temps:          0       0       0       0       0       0       0       0       0       0       0       0       0       0       0       0       0
      Totals:         0       0       0       0       0       0       0       0       0       0       0       0       0       0       0       0       0
Total ram usage:        0 bytes
 Hardware stack levels used:    1
 This function calls:
		Nothing
 This function is called by:
		_main
 This function uses a non-reentrant model



MODULE INFORMATION

Module		Function		Class		Link	Load	Size
source/serial.c
		_enableSerial  		CODE           	F354	0000	138

source/serial.c estimated size: 138

source/system.c
		_initPorts     		CODE           	F2EC	0000	48
		_initOscillator		CODE           	F2A6	0000	28

source/system.c estimated size: 76

shared
		__initializatio		CODE           	F2C2	0000	32

shared estimated size: 32

source/main.c
		_main          		CODE           	F47E	0000	180

source/main.c estimated size: 180

source/emulator.c
		_processOpcode 		CODE           	F9B6	0000	1610
		_pointerTo_regM		CODE           	F252	0000	18
		_getPortData   		CODE           	F264	0000	18
		_initializeRegi		CODE           	F31C	0000	56
		_setPortData   		CODE           	F3DE	0000	160
		_decode_immData		CODE           	F532	0000	362
		_regMX_toPointe		CODE           	F276	0000	24
		_immData_toPoin		CODE           	F28E	0000	24

source/emulator.c estimated size: 2272

source/segment.c
		_dispSeg       		CODE           	F69C	0000	794

source/segment.c estimated size: 794

